// Jest Snapshot v1, https://goo.gl/fbAQLP

exports[`render should render properly formatted CMD.exe theme .reg file 1`] = `
"Windows Registry Editor Version 5.00

[HKEY_CURRENT_USER\\\\Console]
\\"ColorTable00\\"=dword:00292628
\\"ColorTable01\\"=dword:00FFBF66
\\"ColorTable02\\"=dword:0035CCA4
\\"ColorTable03\\"=dword:009EC926
\\"ColorTable04\\"=dword:004481F2
\\"ColorTable05\\"=dword:00FA78CC
\\"ColorTable06\\"=dword:004AD2FF
\\"ColorTable07\\"=dword:00E0DCE0
\\"ColorTable08\\"=dword:00474247
\\"ColorTable09\\"=dword:00FFBF66
\\"ColorTable10\\"=dword:0035CCA4
\\"ColorTable11\\"=dword:009EC926
\\"ColorTable12\\"=dword:005040FF
\\"ColorTable13\\"=dword:00BF53F5
\\"ColorTable14\\"=dword:004AD2FF
\\"ColorTable15\\"=dword:00FFFCFF
\\"ScreenColors\\"=dword:005040FF
\\"PopupColors\\"=dword:00292628
    "
`;

exports[`render should render properly formatted CMD.exe theme .reg file 2`] = `
"Windows Registry Editor Version 5.00

[HKEY_CURRENT_USER\\\\Console]
\\"ColorTable00\\"=dword:00FFFCFF
\\"ColorTable01\\"=dword:00E1A653
\\"ColorTable02\\"=dword:002DBD97
\\"ColorTable03\\"=dword:0098C51F
\\"ColorTable04\\"=dword:003577F3
\\"ColorTable05\\"=dword:00F065BF
\\"ColorTable06\\"=dword:0021BAEE
\\"ColorTable07\\"=dword:00474247
\\"ColorTable08\\"=dword:00E0DCE0
\\"ColorTable09\\"=dword:00E1A653
\\"ColorTable10\\"=dword:002DBD97
\\"ColorTable11\\"=dword:0098C51F
\\"ColorTable12\\"=dword:004D3EF0
\\"ColorTable13\\"=dword:00B84EEE
\\"ColorTable14\\"=dword:0021BAEE
\\"ColorTable15\\"=dword:00292628
\\"ScreenColors\\"=dword:004D3EF0
\\"PopupColors\\"=dword:00FFFCFF
    "
`;
